2026-10-06 13:57:29,251 lab.coordinator INFO task=request-bfac461f393447f4aaa8634ab854053d-0 worker=data_agent start attempt=1
2026-10-06 13:57:29,257 lab.tools.query_database INFO Tool success duration=0.0
2026-10-06 13:57:29,258 lab.coordinator INFO task=request-bfac461f393447f4aaa8634ab854053d-0 end status=success duration=0.015
2026-10-06 13:57:29,274 lab.coordinator INFO task=request-052d842a8ca040869b10c97792a7f484-0 worker=code_agent start attempt=1
2026-10-06 13:57:29,278 lab.tools.create_visualization INFO Tool success duration=0.0
2026-10-06 13:57:30,031 lab.coordinator INFO task=request-052d842a8ca040869b10c97792a7f484-0 end status=success duration=0.75
2026-10-06 13:57:30,031 lab.tools.score_result INFO Tool success duration=0.0
2026-10-06 13:57:30,041 lab.coordinator INFO task=request-f2062ce4afb14609970ec36c2d34fb2e-0 worker=evaluator_agent start attempt=1
2026-10-06 13:57:30,044 lab.tools.score_result INFO Tool success duration=0.0
2026-10-06 13:57:30,045 lab.coordinator INFO task=request-f2062ce4afb14609970ec36c2d34fb2e-0 end status=success duration=0.0
2026-10-06 14:03:49,924 lab.coordinator INFO task=request-629a87a0c30647e484180e7229f29856-0 worker=data_agent start attempt=1
2026-10-06 14:03:49,931 lab.tools.query_database INFO Tool success duration=0.0
2026-10-06 14:03:49,933 lab.coordinator INFO task=request-629a87a0c30647e484180e7229f29856-0 end status=success duration=0.015
2026-10-06 14:03:49,945 lab.coordinator INFO task=request-e80a2126e10d483f9eee019a2f5b6dad-0 worker=code_agent start attempt=1
2026-10-06 14:03:49,949 lab.tools.create_visualization INFO Tool success duration=0.0
2026-10-06 14:03:50,006 lab.coordinator INFO task=request-e80a2126e10d483f9eee019a2f5b6dad-0 end status=success duration=0.062
2026-10-06 14:03:50,007 lab.tools.score_result INFO Tool success duration=0.0
2026-10-06 14:03:50,017 lab.coordinator INFO task=request-ab59fb10388e4f2d9de9ca696d02dab5-0 worker=evaluator_agent start attempt=1
2026-10-06 14:03:50,019 lab.tools.score_result INFO Tool success duration=0.0
2026-10-06 14:03:50,020 lab.tools.submit_evaluation INFO Tool success duration=0.0
2026-10-06 14:03:50,021 lab.coordinator INFO task=request-ab59fb10388e4f2d9de9ca696d02dab5-0 end status=success duration=0.016
